analyst@db2bdf377a05:~$ ls
Q1.encrypted  README.txt  caesar
analyst@db2bdf377a05:~$ cat Q1.encrypted 
U2FsdGVkX1/nxHZY2p53/6gRmQ9alkNrVwOwPOgpTeB09rdnvKnydLPQsnOYHjgR
42Mwdv0ye94Im+u100Fl2+Bx3SHjJ7wZjOxA7Jew1x7g3LcRsRnFcFLyfAnn0f3u
xMIH/y+Y4HfVb6NUFueXM43M5Cn/Gz9JqIxpw+tZaajsrtZrsoEwenZEND1Ya6AY
rnVCjCFdTmSVG9EnzGxFT40DOw0yIhEAw5WqfBzjwgNSfz+p44Bnb3jUHsJt38gw
analyst@db2bdf377a05:~$ cat README.txt 
Hello,
All of your data has been encrypted. To recover your data, you will need to solve a cipher. To get started look for a hidden file in the caesar subdirectory.
analyst@db2bdf377a05:~$ ls -la
total 40
drwxr-xr-x 3 analyst analyst 4096 Aug 13 23:57 .
drwxr-xr-x 1 root    root    4096 Aug 13 23:28 ..
-rw------- 1 analyst analyst   43 Aug 13 23:57 .bash_history
-rw-r--r-- 1 analyst analyst  220 Apr 18  2019 .bash_logout
-rw-r--r-- 1 analyst analyst 3574 Aug 13 23:28 .bashrc
-rw-r--r-- 1 analyst analyst 3574 Aug 13 23:28 .profile
-rw-r--r-- 1 root    root     260 Aug 13 23:28 Q1.encrypted
-rw-r--r-- 1 root    root     165 Aug 13 23:28 README.txt
drwxr-xr-x 2 root    root    4096 Aug 13 23:28 caesar
analyst@db2bdf377a05:~$ ls
Q1.encrypted  README.txt  caesar
analyst@db2bdf377a05:~$ cd caesar/
analyst@db2bdf377a05:~/caesar$ LS -A
-bash: LS: command not found
analyst@db2bdf377a05:~/caesar$ ls -a
.  ..  .leftShift3
analyst@db2bdf377a05:~/caesar$ cd .leftShift3 
-bash: cd: .leftShift3: Not a directory
analyst@db2bdf377a05:~/caesar$ cat .leftShift3 
Lq rughu wr uhfryhu brxu ilohv brx zloo qhhg wr hqwhu wkh iroorzlqj frppdqg:

rshqvvo dhv-256-fef -sengi2 -d -g -lq T1.hqfubswhg -rxw T1.uhfryhuhg -n hwwxeuxwh
analyst@db2bdf377a05:~/caesar$ cat .leftShift3 | tr "d-za-cD-ZA-C" "a-zA-Z"
In order to recover your files you will need to enter the following command:

openssl aes-256-cbc -pbkdf2 -a -d -in Q1.encrypted -out Q1.recovered -k ettubrute
analyst@db2bdf377a05:~/caesar$ ^C
analyst@db2bdf377a05:~/caesar$ cd ~
analyst@db2bdf377a05:~$ openssl aes-256-cbc -pbkdf2 -a -d -in Q1.encrypted -out Q1.recovered -k ettubrute
analyst@db2bdf377a05:~$ ls
Q1.encrypted  Q1.recovered  README.txt  caesar
analyst@db2bdf377a05:~$ cat Q1.recovered 
If you are able to read this, then you have successfully decrypted the classic cipher text. You recovered the encryption key that was used to encrypt this file. Great work!
